
=== reserve_p8  (k_v 24) ===
 stagger     ident      chan       sigma   overlap     diff
       0    0.0000    1.0000   1.000e+00    1.0000   0.0000
       1    0.6724    1.0000   1.000e+00    0.7000   0.3000
       2    0.9029    1.0000   1.000e+00    0.6667   0.3333
       3    0.9550    0.4086   1.667e-15    0.3929   0.6071
       4    1.0066    0.1456   1.451e-15    0.3510   0.6490
       5    0.9872    0.1114   2.324e-08    0.3667   0.6333
       6    0.9978    0.0640   2.068e-08    0.3813   0.6187
       7    0.9959    0.0964   2.869e-08    0.3333   0.6667
       8    0.9922    0.2662   3.371e-08    0.4762   0.5238
       9    0.9948    0.0960   1.352e-15    0.3333   0.6667
      10    0.9974    0.1841   7.174e-09    0.3460   0.6540
      11    0.9973    0.1063   1.384e-08    0.3460   0.6540
      12    0.9599    0.3265   1.330e-15    0.4444   0.5556
      13    0.9840    0.2200   1.409e-08    0.3737   0.6263
      14    1.0097    0.2238   1.807e-15    0.3333   0.6667
      15    0.9988    0.0938   1.206e-15    0.3400   0.6600
      16    0.9813    0.0405   3.772e-08    0.4762   0.5238
      17    0.9892    0.0815   2.731e-08    0.4000   0.6000
      18    1.0000    0.1743   1.415e-15    0.3813   0.6187
      19    0.9943    0.1029   2.146e-08    0.3571   0.6429
      20    0.9944    0.1810   1.235e-15    0.3667   0.6333
      21    1.0038    0.2566   1.543e-15    0.2589   0.7411
      22    0.8665    1.0000   1.000e+00    0.1964   0.8036
      23    0.5948    1.0000   1.000e+00    0.2679   0.7321
  exact: [0, 1, 2, 22, 23]
  best differentiation at chan 1.0000: 0.8036 (ident 0.8665)

=== reserve_p12  (k_v 20) ===
 stagger     ident      chan       sigma   overlap     diff
       0    0.0000    1.0000   1.000e+00    1.0000   0.0000
       1    0.6075    1.0000   1.000e+00    0.7000   0.3000
       2    0.8656    1.0000   1.000e+00    0.6667   0.3333
       3    0.9606    0.3475   4.578e-08    0.4464   0.5536
       4    0.9511    0.6491   3.678e-08    0.4596   0.5404
       5    0.9736    0.5281   6.578e-08    0.5000   0.5000
       6    0.9531    1.0000   1.000e+00    0.4556   0.5444
       7    0.9338    1.0000   1.000e+00    0.4975   0.5025
       8    0.9660    0.1744   4.032e-08    0.4596   0.5404
       9    0.9808    0.1083   5.874e-08    0.4040   0.5960
      10    0.7720    1.0000   1.000e+00    0.7333   0.2667
      11    0.9731    0.2525   4.449e-08    0.4333   0.5667
      12    0.9682    0.2102   3.900e-08    0.4596   0.5404
      13    0.9359    1.0000   1.000e+00    0.3308   0.6692
      14    0.9338    1.0000   1.000e+00    0.4889   0.5111
      15    0.9661    0.4691   5.724e-08    0.5667   0.4333
      16    0.9555    0.2618   3.913e-08    0.5000   0.5000
      17    0.9891    0.2384   3.696e-08    0.5083   0.4917
      18    0.8535    1.0000   1.000e+00    0.3222   0.6778
      19    0.6388    1.0000   1.000e+00    0.2679   0.7321
  exact: [0, 1, 2, 6, 7, 10, 13, 14, 18, 19]
  best differentiation at chan 1.0000: 0.7321 (ident 0.6388)

=== reserve_p16  (k_v 16) ===
 stagger     ident      chan       sigma   overlap     diff
       0    0.0000    1.0000   1.000e+00    1.0000   0.0000
       1    0.6289    1.0000   1.000e+00    0.7000   0.3000
       2    0.8355    1.0000   1.000e+00    0.6905   0.3095
       3    0.8614    1.0000   1.000e+00    0.5444   0.4556
       4    0.8165    1.0000   1.000e+00    0.5960   0.4040
       5    0.7243    1.0000   1.000e+00    0.5333   0.4667
       6    0.8192    1.0000   1.000e+00    0.5631   0.4369
       7    0.8739    1.0000   1.000e+00    0.5657   0.4343
       8    0.5365    1.0000   1.000e+00    0.8000   0.2000
       9    0.9264    1.0000   1.000e+00    0.6424   0.3576
      10    0.8387    1.0000   1.000e+00    0.5631   0.4369
      11    0.8042    1.0000   1.000e+00    0.6000   0.4000
      12    0.8165    1.0000   1.000e+00    0.6020   0.3980
      13    0.8635    1.0000   1.000e+00    0.6786   0.3214
      14    0.8236    1.0000   1.000e+00    0.6616   0.3384
      15    0.5869    1.0000   1.000e+00    0.3939   0.6061
  exact: [0, 1, 2, 3, 4, 5, 6, 7, 8, 9, 10, 11, 12, 13, 14, 15]
  best differentiation at chan 1.0000: 0.6061 (ident 0.5869)

wrote 628-stagger-width.json in 0.4 min
