
=== seed 42  (min k_v 20, wide 45) ===
 stagger     ident      chan       sigma   overlap     diff
       0    0.0000    1.0000   1.000e+00    1.0000   0.0000
       1    0.6075    1.0000   1.000e+00    0.7000   0.3000
       2    0.8656    1.0000   1.000e+00    0.6667   0.3333
       3    0.9606    0.3475   4.578e-08    0.4464   0.5536
       4    0.9511    0.6491   3.678e-08    0.4596   0.5404
       5    0.9736    0.5281   6.578e-08    0.5000   0.5000
       6    0.9531    1.0000   1.000e+00    0.4556   0.5444
       7    0.9338    1.0000   1.000e+00    0.4975   0.5025
       8    0.9660    0.1744   4.032e-08    0.4596   0.5404
       9    0.9808    0.1083   5.874e-08    0.4040   0.5960
      10    0.7720    1.0000   1.000e+00    0.7333   0.2667
      11    0.9731    0.2525   4.449e-08    0.4333   0.5667
      12    0.9682    0.2102   3.900e-08    0.4596   0.5404
      13    0.9359    1.0000   1.000e+00    0.3308   0.6692
      14    0.9338    1.0000   1.000e+00    0.4889   0.5111
      15    0.9661    0.4691   5.724e-08    0.5667   0.4333
      16    0.9555    0.2618   3.913e-08    0.5000   0.5000
      17    0.9891    0.2384   3.696e-08    0.5083   0.4917
      18    0.8535    1.0000   1.000e+00    0.3222   0.6778
      19    0.6388    1.0000   1.000e+00    0.2679   0.7321

=== seed 43  (min k_v 20, wide 45) ===
 stagger     ident      chan       sigma   overlap     diff
       0    0.0000    1.0000   1.000e+00    1.0000   0.0000
       1    0.6413    1.0000   1.000e+00    0.7000   0.3000
       2    0.9142    1.0000   1.000e+00    0.6667   0.3333
       3    0.9720    0.3829   3.707e-08    0.4464   0.5536
       4    0.9568    0.3936   3.898e-08    0.4596   0.5404
       5    0.9838    0.2588   6.336e-08    0.5000   0.5000
       6    0.9347    1.0000   1.000e+00    0.4556   0.5444
       7    0.9328    1.0000   1.000e+00    0.4975   0.5025
       8    0.9830    0.2573   3.854e-08    0.4596   0.5404
       9    0.9822    0.0689   5.161e-08    0.4040   0.5960
      10    0.8020    1.0000   1.000e+00    0.7333   0.2667
      11    0.9865    0.2782   4.723e-08    0.4333   0.5667
      12    0.9783    0.2770   3.459e-08    0.4596   0.5404
      13    0.9414    1.0000   1.000e+00    0.3308   0.6692
      14    0.9404    1.0000   1.000e+00    0.4889   0.5111
      15    0.9808    0.6664   6.175e-08    0.5667   0.4333
      16    0.9761    0.2621   3.759e-08    0.5000   0.5000
      17    0.9815    0.1738   3.945e-08    0.5083   0.4917
      18    0.8945    1.0000   1.000e+00    0.3222   0.6778
      19    0.5948    1.0000   1.000e+00    0.2679   0.7321

=== seed 44  (min k_v 20, wide 45) ===
 stagger     ident      chan       sigma   overlap     diff
       0    0.0000    1.0000   1.000e+00    1.0000   0.0000
       1    0.6627    1.0000   1.000e+00    0.7000   0.3000
       2    0.9272    1.0000   1.000e+00    0.6667   0.3333
       3    0.9637    0.3418   4.114e-08    0.4464   0.5536
       4    0.9916    0.3196   3.717e-08    0.4596   0.5404
       5    0.9657    0.4461   6.356e-08    0.5000   0.5000
       6    0.9341    1.0000   1.000e+00    0.4556   0.5444
       7    0.9553    1.0000   1.000e+00    0.4975   0.5025
       8    0.9826    0.1790   4.076e-08    0.4596   0.5404
       9    0.9955    0.1137   5.188e-08    0.4040   0.5960
      10    0.7925    1.0000   1.000e+00    0.7333   0.2667
      11    0.9708    0.1683   4.170e-08    0.4333   0.5667
      12    0.9771    0.2964   3.573e-08    0.4596   0.5404
      13    0.9542    1.0000   1.000e+00    0.3308   0.6692
      14    0.9449    1.0000   1.000e+00    0.4889   0.5111
      15    0.9477    0.5453   5.274e-08    0.5667   0.4333
      16    0.9612    0.3305   3.743e-08    0.5000   0.5000
      17    0.9704    0.1662   4.582e-08    0.5083   0.4917
      18    0.8361    1.0000   1.000e+00    0.3222   0.6778
      19    0.6160    1.0000   1.000e+00    0.2679   0.7321

=== staggers with sigma_max > 0.5 (exact channel, unit gain) ===
  seed 42: [0, 1, 2, 6, 7, 10, 13, 14, 18, 19]
  seed 43: [0, 1, 2, 6, 7, 10, 13, 14, 18, 19]
  seed 44: [0, 1, 2, 6, 7, 10, 13, 14, 18, 19]
  seed-stable: True

wrote 628-stagger-sweep.json in 0.4 min
