[B62] mode=frozen delta check: {'diagnostics_rank': 3000, 'here_rank': 3000, 'diagnostics_dim_h0': 1800, 'here_dim_h0': 1800, 'agrees': True, 'columns': 4800, 'delta_rows': 3861, 'gram_rows': 6654}
  frozen @0                    traffic-ER 2.7802/24.2458 | N@0.05 0.0000 N@0.1 0.0000 N@0.25 0.0000 | cen N@0.05 0.0000 N@0.1 0.0000 N@0.25 0.0000 | q_w 0.9410/1.0257 | aud-diff 0.5307 | exposure 9.05/32
      window sweep (ER unc/cen)  T=250:  2.7394/ 13.4416  T=500:  2.7625/ 19.1852  T=1000:  2.7802/ 24.2458  T=2000:  2.7851/ 31.1019
  frozen @100                  traffic-ER 2.7807/24.2421 | N@0.05 0.0000 N@0.1 0.0000 N@0.25 0.0000 | cen N@0.05 0.0000 N@0.1 0.0000 N@0.25 0.0000 | q_w 0.9412/1.0262 | aud-diff 0.5307 | exposure 9.05/32 (4.5 min)
      window sweep (ER unc/cen)  T=250:  2.7471/ 13.6786  T=500:  2.7645/ 19.0955  T=1000:  2.7807/ 24.2421  T=2000:  2.7905/ 30.8478
  frozen @200                  traffic-ER 2.7808/24.0983 | N@0.05 0.0000 N@0.1 0.0000 N@0.25 0.0000 | cen N@0.05 0.0000 N@0.1 0.0000 N@0.25 0.0000 | q_w 0.9416/1.0271 | aud-diff 0.5307 | exposure 9.05/32 (6.2 min)
      window sweep (ER unc/cen)  T=250:  2.7413/ 13.2847  T=500:  2.7665/ 19.2412  T=1000:  2.7808/ 24.0983  T=2000:  2.7904/ 30.6361
  frozen @500                  traffic-ER 2.7757/24.0618 | N@0.05 0.0000 N@0.1 0.0000 N@0.25 0.0000 | cen N@0.05 0.0000 N@0.1 0.0000 N@0.25 0.0000 | q_w 0.9418/1.0278 | aud-diff 0.5307 | exposure 9.05/32 (7.9 min)
      window sweep (ER unc/cen)  T=250:  2.7245/ 13.2379  T=500:  2.7590/ 18.3722  T=1000:  2.7757/ 24.0618  T=2000:  2.7888/ 30.3794
  frozen @1000                 traffic-ER 2.7787/23.9961 | N@0.05 0.0000 N@0.1 0.0000 N@0.25 0.0000 | cen N@0.05 0.0000 N@0.1 0.0000 N@0.25 0.0000 | q_w 0.9419/1.0278 | aud-diff 0.5307 | exposure 9.05/32 (9.5 min)
      window sweep (ER unc/cen)  T=250:  2.7359/ 13.0817  T=500:  2.7685/ 19.1018  T=1000:  2.7787/ 23.9961  T=2000:  2.7912/ 30.8223
  frozen @2000                 traffic-ER 2.7816/23.9164 | N@0.05 0.0000 N@0.1 0.0000 N@0.25 0.0000 | cen N@0.05 0.0000 N@0.1 0.0000 N@0.25 0.0000 | q_w 0.9411/1.0254 | aud-diff 0.5307 | exposure 9.05/32 (11.1 min)
      window sweep (ER unc/cen)  T=250:  2.7404/ 13.0149  T=500:  2.7700/ 18.8831  T=1000:  2.7816/ 23.9164  T=2000:  2.7916/ 30.4551
  frozen @5000                 traffic-ER 2.7785/23.6353 | N@0.05 0.0000 N@0.1 0.0000 N@0.25 0.0000 | cen N@0.05 0.0000 N@0.1 0.0000 N@0.25 0.0000 | q_w 0.9407/1.0244 | aud-diff 0.5307 | exposure 9.05/32 (13.0 min)
      window sweep (ER unc/cen)  T=250:  2.7451/ 13.1218  T=500:  2.7648/ 18.6531  T=1000:  2.7785/ 23.6353  T=2000:  2.7896/ 29.3424
  frozen @10000                traffic-ER 2.7821/24.0631 | N@0.05 0.0000 N@0.1 0.0000 N@0.25 0.0000 | cen N@0.05 0.0000 N@0.1 0.0000 N@0.25 0.0000 | q_w 0.9415/1.0262 | aud-diff 0.5307 | exposure 9.05/32 (14.7 min)
      window sweep (ER unc/cen)  T=250:  2.7394/ 13.0532  T=500:  2.7667/ 18.7288  T=1000:  2.7821/ 24.0631  T=2000:  2.7913/ 29.4151
  frozen @20000                traffic-ER 2.7817/24.0652 | N@0.05 0.0000 N@0.1 0.0000 N@0.25 0.0000 | cen N@0.05 0.0000 N@0.1 0.0000 N@0.25 0.0000 | q_w 0.9405/1.0243 | aud-diff 0.5307 | exposure 9.05/32 (16.5 min)
      window sweep (ER unc/cen)  T=250:  2.7368/ 13.0948  T=500:  2.7731/ 19.1785  T=1000:  2.7817/ 24.0652  T=2000:  2.7954/ 31.1008
[B62] wrote 635-frozen-baseline-seed42-20000.json
