[B62] mode=bias delta check: {'diagnostics_rank': 3000, 'here_rank': 3000, 'diagnostics_dim_h0': 1800, 'here_dim_h0': 1800, 'agrees': True, 'columns': 4800, 'delta_rows': 3861, 'gram_rows': 6654}
  bias @0                      traffic-ER 2.7798/24.1975 | N@0.05 0.0000 N@0.1 0.0000 N@0.25 0.0000 | cen N@0.05 0.0000 N@0.1 0.0000 N@0.25 0.0000 | q_w 0.9410/1.0258 | aud-diff 0.5307 | exposure 9.05/32
      window sweep (ER unc/cen)  T=250:  2.7383/ 13.4027  T=500:  2.7620/ 19.1675  T=1000:  2.7798/ 24.1975  T=2000:  2.7849/ 31.0925
  bias @100                    traffic-ER 2.8069/22.1320 | N@0.05 0.0000 N@0.1 0.0000 N@0.25 0.0000 | cen N@0.05 0.0000 N@0.1 0.0000 N@0.25 0.0000 | q_w 0.9399/1.0127 | aud-diff 0.5307 | exposure 9.05/32 (2.2 min)
      window sweep (ER unc/cen)  T=250:  2.8667/  6.7435  T=500:  2.8181/ 13.4807  T=1000:  2.8069/ 22.1320  T=2000:  2.8025/ 30.4991
  bias @200                    traffic-ER 2.8324/14.7548 | N@0.05 0.0000 N@0.1 0.0000 N@0.25 0.0000 | cen N@0.05 0.0000 N@0.1 0.0000 N@0.25 0.0000 | q_w 0.9381/0.9998 | aud-diff 0.5307 | exposure 9.05/32 (2.9 min)
      window sweep (ER unc/cen)  T=250:  3.1657/  3.4717  T=500:  2.8877/  7.2556  T=1000:  2.8324/ 14.7548  T=2000:  2.8128/ 25.4030
  bias @500                    traffic-ER 3.0288/5.8149 | N@0.05 0.0000 N@0.1 0.0000 N@0.25 0.0000 | cen N@0.05 0.0000 N@0.1 0.0000 N@0.25 0.0000 | q_w 0.9319/0.9730 | aud-diff 0.5307 | exposure 9.05/32 (3.6 min)
      window sweep (ER unc/cen)  T=250:  1.1032/  1.0785  T=500:  1.6269/  2.5853  T=1000:  3.0288/  5.8149  T=2000:  2.8769/ 12.2306
  bias @1000                   traffic-ER 1.3399/1.3681 | N@0.05 0.0000 N@0.1 0.0000 N@0.25 0.0000 | cen N@0.05 0.0000 N@0.1 0.0000 N@0.25 0.0000 | q_w 0.5727/0.5808 | aud-diff 0.5307 | exposure 9.05/32 (4.4 min)
      window sweep (ER unc/cen)  T=250:  1.0040/  1.2859  T=500:  1.0188/  1.2606  T=1000:  1.3399/  1.3681  T=2000:  3.3002/  5.5001
  bias @2000                   traffic-ER 1.0087/1.0833 | N@0.05 0.0000 N@0.1 0.0000 N@0.25 0.0000 | cen N@0.05 0.0000 N@0.1 0.0000 N@0.25 0.0000 | q_w 0.5231/0.5010 | aud-diff 0.5307 | exposure 9.05/32 (5.2 min)
      window sweep (ER unc/cen)  T=250:  1.0004/  2.1370  T=500:  1.0012/  1.1608  T=1000:  1.0087/  1.0833  T=2000:  1.1429/  1.2567
  bias @5000                   traffic-ER 1.0090/1.1894 | N@0.05 0.0000 N@0.1 0.0000 N@0.25 1.0000 | cen N@0.05 0.0000 N@0.1 0.0000 N@0.25 0.0000 | q_w 0.5481/0.3617 | aud-diff 0.5307 | exposure 9.05/32 (6.5 min)
      window sweep (ER unc/cen)  T=250:  1.0004/  1.8588  T=500:  1.0011/  1.6521  T=1000:  1.0090/  1.1894  T=2000:  1.0162/  1.1111
  bias @10000                  traffic-ER 1.0001/1.1613 | N@0.05 0.0000 N@0.1 0.0000 N@0.25 1.0000 | cen N@0.05 0.0000 N@0.1 0.0000 N@0.25 0.0000 | q_w 0.5929/0.3015 | aud-diff 0.5307 | exposure 9.05/32 (8.2 min)
      window sweep (ER unc/cen)  T=250:  1.0000/  2.0852  T=500:  1.0000/  2.1062  T=1000:  1.0001/  1.1613  T=2000:  1.0004/  1.0466
  bias @20000                  traffic-ER 1.0001/2.0928 | N@0.05 0.0000 N@0.1 0.0000 N@0.25 0.0000 | cen N@0.05 0.0000 N@0.1 0.0000 N@0.25 1.0000 | q_w 0.6125/0.6373 | aud-diff 0.5307 | exposure 9.05/32 (10.9 min)
      window sweep (ER unc/cen)  T=250:  1.0000/  3.3411  T=500:  1.0000/  3.1239  T=1000:  1.0001/  2.0928  T=2000:  1.0002/  1.7431
[B62] wrote 645-bias-baseline-seed42-20000.json
