[B62] mode=transport delta check: {'diagnostics_rank': 3000, 'here_rank': 3000, 'diagnostics_dim_h0': 1800, 'here_dim_h0': 1800, 'agrees': True, 'columns': 4800, 'delta_rows': 3861, 'gram_rows': 6654}
  transport @0                 traffic-ER 2.7798/24.1975 | N@0.05 0.0000 N@0.1 0.0000 N@0.25 0.0000 | cen N@0.05 0.0000 N@0.1 0.0000 N@0.25 0.0000 | q_w 0.9410/1.0258 | aud-diff 0.5307 | exposure 9.05/32
      window sweep (ER unc/cen)  T=250:  2.7383/ 13.4027  T=500:  2.7620/ 19.1675  T=1000:  2.7798/ 24.1975  T=2000:  2.7849/ 31.0925
  transport @100               traffic-ER 2.8266/25.4065 | N@0.05 0.0000 N@0.1 0.0000 N@0.25 0.0000 | cen N@0.05 0.0000 N@0.1 0.0000 N@0.25 0.0000 | q_w 0.7214/1.0267 | aud-diff 0.5324 | exposure 8.37/32 (2.0 min)
      window sweep (ER unc/cen)  T=250:  2.8956/ 15.6386  T=500:  2.8504/ 20.6208  T=1000:  2.8266/ 25.4065  T=2000:  2.8140/ 31.4964
  transport @200               traffic-ER 3.1265/25.9228 | N@0.05 0.0000 N@0.1 0.0000 N@0.25 0.0000 | cen N@0.05 0.0000 N@0.1 0.0000 N@0.25 0.0000 | q_w 0.6447/0.9969 | aud-diff 0.5350 | exposure 7.89/32 (2.6 min)
      window sweep (ER unc/cen)  T=250:  3.3519/ 12.7853  T=500:  3.3123/ 19.2554  T=1000:  3.1265/ 25.9228  T=2000:  2.9840/ 32.4327
  transport @500               traffic-ER 3.3558/22.3437 | N@0.05 0.0000 N@0.1 0.0000 N@0.25 1.0000 | cen N@0.05 0.0000 N@0.1 0.0000 N@0.25 0.0000 | q_w 0.5655/1.0352 | aud-diff 0.5264 | exposure 7.45/32 (3.2 min)
      window sweep (ER unc/cen)  T=250:  3.1174/ 15.6940  T=500:  3.3507/ 14.9957  T=1000:  3.3558/ 22.3437  T=2000:  3.1889/ 30.4005
  transport @1000              traffic-ER 3.4018/24.0888 | N@0.05 0.0000 N@0.1 0.0000 N@0.25 1.0000 | cen N@0.05 0.0000 N@0.1 0.0000 N@0.25 0.0000 | q_w 0.5480/1.0191 | aud-diff 0.5225 | exposure 7.18/32 (3.9 min)
      window sweep (ER unc/cen)  T=250:  2.7389/ 12.8817  T=500:  2.7846/ 19.0262  T=1000:  3.4018/ 24.0888  T=2000:  3.2578/ 34.5076
  transport @2000              traffic-ER 3.0982/20.5030 | N@0.05 0.0000 N@0.1 1.0000 N@0.25 1.1399 | cen N@0.05 0.0000 N@0.1 1.9634 N@0.25 2.9634 | q_w 0.3806/0.7795 | aud-diff 0.5270 | exposure 6.92/32 (5.0 min)
      window sweep (ER unc/cen)  T=250:  2.9779/  7.9889  T=500:  3.0529/ 11.8434  T=1000:  3.0982/ 20.5030  T=2000:  3.3412/ 33.2383
  transport @5000              traffic-ER 3.0024/26.2803 | N@0.05 0.0000 N@0.1 1.0000 N@0.25 1.0205 | cen N@0.05 0.0000 N@0.1 0.0000 N@0.25 2.9383 | q_w 0.3972/0.8709 | aud-diff 0.5313 | exposure 7.02/32 (7.3 min)
      window sweep (ER unc/cen)  T=250:  2.8178/ 11.6188  T=500:  2.8558/ 18.5555  T=1000:  3.0024/ 26.2803  T=2000:  2.9866/ 38.5807
  transport @10000             traffic-ER 2.9894/32.1414 | N@0.05 0.0000 N@0.1 1.0000 N@0.25 1.0000 | cen N@0.05 0.0000 N@0.1 0.0000 N@0.25 0.0000 | q_w 0.4452/0.9790 | aud-diff 0.5574 | exposure 7.88/32 (10.7 min)
      window sweep (ER unc/cen)  T=250:  2.9289/ 13.8162  T=500:  2.9678/ 21.8334  T=1000:  2.9894/ 32.1414  T=2000:  3.2122/  3.2632
  transport @20000             traffic-ER 2.9855/26.4780 | N@0.05 0.0000 N@0.1 1.0000 N@0.25 1.0000 | cen N@0.05 0.0000 N@0.1 0.0000 N@0.25 0.0000 | q_w 0.4463/1.0474 | aud-diff 0.5868 | exposure 8.70/32 (17.4 min)
      window sweep (ER unc/cen)  T=250:  2.8922/ 11.9060  T=500:  2.9357/ 17.6048  T=1000:  2.9855/ 26.4780  T=2000:  3.0448/ 36.8757
[B62] wrote 645-transport-baseline-seed42-20000.json
