[B62] mode=both delta check: {'diagnostics_rank': 3000, 'here_rank': 3000, 'diagnostics_dim_h0': 1800, 'here_dim_h0': 1800, 'agrees': True, 'columns': 4800, 'delta_rows': 3861, 'gram_rows': 6654}
  both @0                      traffic-ER 2.7798/24.1975 | N@0.05 0.0000 N@0.1 0.0000 N@0.25 0.0000 | cen N@0.05 0.0000 N@0.1 0.0000 N@0.25 0.0000 | q_w 0.9410/1.0258 | aud-diff 0.5307 | exposure 9.05/32
      window sweep (ER unc/cen)  T=250:  2.7383/ 13.4027  T=500:  2.7620/ 19.1675  T=1000:  2.7798/ 24.1975  T=2000:  2.7849/ 31.0925
  both @100                    traffic-ER 2.8122/22.3706 | N@0.05 0.0000 N@0.1 0.0000 N@0.25 0.0000 | cen N@0.05 0.0000 N@0.1 0.0000 N@0.25 0.0000 | q_w 0.8521/1.0064 | aud-diff 0.5305 | exposure 9.13/32 (2.1 min)
      window sweep (ER unc/cen)  T=250:  2.8915/  6.9312  T=500:  2.8294/ 13.7982  T=1000:  2.8122/ 22.3706  T=2000:  2.8051/ 30.5840
  both @200                    traffic-ER 2.8453/15.4534 | N@0.05 0.0000 N@0.1 0.0000 N@0.25 0.0000 | cen N@0.05 0.0000 N@0.1 0.0000 N@0.25 0.0000 | q_w 0.8238/0.9902 | aud-diff 0.5237 | exposure 9.13/32 (2.9 min)
      window sweep (ER unc/cen)  T=250:  3.1206/  3.5777  T=500:  2.9159/  7.6723  T=1000:  2.8453/ 15.4534  T=2000:  2.8189/ 26.0070
  both @500                    traffic-ER 2.9910/6.3889 | N@0.05 0.0000 N@0.1 0.0000 N@0.25 0.0000 | cen N@0.05 0.0000 N@0.1 0.0000 N@0.25 0.0000 | q_w 0.7681/0.9727 | aud-diff 0.5224 | exposure 8.88/32 (3.6 min)
      window sweep (ER unc/cen)  T=250:  1.0143/  2.9545  T=500:  1.1608/  4.8445  T=1000:  2.9910/  6.3889  T=2000:  2.8687/ 13.5611
  both @1000                   traffic-ER 1.0991/5.6939 | N@0.05 0.0000 N@0.1 0.0000 N@0.25 1.0000 | cen N@0.05 0.0000 N@0.1 0.0000 N@0.25 0.0000 | q_w 0.2507/1.0922 | aud-diff 0.5278 | exposure 8.75/32 (4.6 min)
      window sweep (ER unc/cen)  T=250:  1.0121/  1.5417  T=500:  1.0135/  1.8893  T=1000:  1.0991/  5.6939  T=2000:  3.0018/  6.5011
  both @2000                   traffic-ER 1.0129/1.7519 | N@0.05 0.0000 N@0.1 0.0000 N@0.25 1.0000 | cen N@0.05 0.0000 N@0.1 0.0000 N@0.25 0.0000 | q_w 0.2063/1.5782 | aud-diff 0.5250 | exposure 8.62/32 (6.0 min)
      window sweep (ER unc/cen)  T=250:  1.0106/  1.3059  T=500:  1.0110/  1.3784  T=1000:  1.0129/  1.7519  T=2000:  1.0679/  5.8447
  both @5000                   traffic-ER 1.0086/1.5631 | N@0.05 0.0000 N@0.1 0.0000 N@0.25 1.0000 | cen N@0.05 0.0000 N@0.1 0.0000 N@0.25 0.0000 | q_w 0.1898/1.4921 | aud-diff 0.5104 | exposure 8.83/32 (8.9 min)
      window sweep (ER unc/cen)  T=250:  1.0073/  1.2182  T=500:  1.0076/  1.3061  T=1000:  1.0086/  1.5631  T=2000:  1.0116/  2.2364
  both @10000                  traffic-ER 1.0073/1.4544 | N@0.05 0.0000 N@0.1 0.0000 N@0.25 1.0000 | cen N@0.05 0.0000 N@0.1 0.0000 N@0.25 0.0000 | q_w 0.1907/1.3872 | aud-diff 0.4845 | exposure 9.06/32 (13.3 min)
      window sweep (ER unc/cen)  T=250:  1.0067/  1.2224  T=500:  1.0068/  1.2834  T=1000:  1.0073/  1.4544  T=2000:  1.0094/  2.0656
  both @20000                  traffic-ER 1.0059/1.6804 | N@0.05 0.0000 N@0.1 0.0000 N@0.25 1.0000 | cen N@0.05 0.0000 N@0.1 0.0000 N@0.25 0.0000 | q_w 0.1837/0.6958 | aud-diff 0.4771 | exposure 8.85/32 (21.6 min)
      window sweep (ER unc/cen)  T=250:  1.0049/  1.2302  T=500:  1.0051/  1.3460  T=1000:  1.0059/  1.6804  T=2000:  1.0094/  2.2350
[B62] wrote 645-both-baseline-seed42-20000.json
